0:01:35.791170000  9391 0x7fc18d942140 INFO              rtspclient rtsp-client.c:3848:client_session_removed: client 0x7fc18e00e190: session 0x7fc18f027900 removed
0:01:35.791173000  9391 0x7fc18d934a30 INFO       GST_ELEMENT_PADS gstelement.c:876:gst_element_remove_pad:<multiudpsink1> removing pad 'sink'
0:01:35.791184000  9391 0x7fc18d942140 INFO              rtspclient rtsp-client.c:693:client_unwatch_session: client 0x7fc18e00e190: unwatch session 0x7fc18f027900
0:01:35.791203000  9391 0x7fc18d934a30 INFO        GST_REFCOUNTING gstelement.c:3429:gst_element_dispose:<multiudpsink1> 0x7fc18d8b4a90 parent class dispose
0:01:35.791224000  9391 0x7fc18d942140 INFO             rtspsession rtsp-session.c:176:gst_rtsp_session_finalize: finalize session 0x7fc18f027900
0:01:35.791241000  9391 0x7fc18d934a30 INFO        GST_REFCOUNTING gstelement.c:3460:gst_element_finalize:<multiudpsink1> 0x7fc18d8b4a90 finalize
0:01:35.791253000  9391 0x7fc18d934a30 INFO        GST_REFCOUNTING gstelement.c:3466:gst_element_finalize:<multiudpsink1> 0x7fc18d8b4a90 finalize parent
0:01:35.791265000  9391 0x7fc18d934a30 INFO               rtspmedia rtsp-media.c:512:gst_rtsp_media_finalize: finalize media 0x7fc17e0181d0
0:01:35.791323000  9391 0x7fc18d934a30 INFO          GST_PARENTAGE gstbin.c:1804:gst_bin_remove_func:<media-pipeline> removed child "GstRTSPMediaFactoryURI"
0:01:35.791345000  9391 0x7fc18d934a30 INFO        GST_REFCOUNTING gstelement.c:3382:gst_element_dispose:<media-pipeline> 0x7fc17e01a130 dispose
0:01:35.791354000  9391 0x7fc18d934a30 INFO        GST_REFCOUNTING gstelement.c:3429:gst_element_dispose:<media-pipeline> 0x7fc17e01a130 parent class dispose
0:01:35.791362000  9391 0x7fc18d934a30 INFO        GST_REFCOUNTING gstelement.c:3460:gst_element_finalize:<media-pipeline> 0x7fc17e01a130 finalize
0:01:35.791370000  9391 0x7fc18d934a30 INFO        GST_REFCOUNTING gstelement.c:3466:gst_element_finalize:<media-pipeline> 0x7fc17e01a130 finalize parent
0:01:35.791388000  9391 0x7fc18d934a30 INFO       GST_ELEMENT_PADS gstpad.c:2139:gst_pad_unlink: unlinking dynpay0:src_0(0x7fc18f824c80) and src_0:proxypad4(0x7fc17e028340)
0:01:35.791402000  9391 0x7fc18d934a30 INFO       GST_ELEMENT_PADS gstpad.c:2193:gst_pad_unlink: unlinked dynpay0:src_0 and src_0:proxypad4
0:01:35.791413000  9391 0x7fc18d934a30 INFO          GST_PARENTAGE gstbin.c:1804:gst_bin_remove_func:<GstRTSPMediaFactoryURI> removed child "dynpay0"
0:01:35.791425000  9391 0x7fc18d942140 INFO              rtspclient rtsp-client.c:4975:closed: client 0x7fc18e00e190: connection closed
0:01:35.791454000  9391 0x7fc18d942140 INFO              rtspclient rtsp-client.c:5254:client_watch_notify: client 0x7fc18e00e190: watch destroyed
0:01:35.791433000  9391 0x7fc18d934a30 INFO       GST_ELEMENT_PADS gstpad.c:2139:gst_pad_unlink: unlinking pay_src_0:src(0x7fc17e0238d0) and src_0:proxypad3(0x7fc17e0280e0)
0:01:35.791482000  9391 0x7fc18d942140 INFO              rtspclient rtsp-client.c:763:gst_rtsp_client_finalize: finalize client 0x7fc18e00e190
0:01:35.791492000  9391 0x7fc18d934a30 INFO       GST_ELEMENT_PADS gstpad.c:2193:gst_pad_unlink: unlinked pay_src_0:src and src_0:proxypad3
0:01:35.791512000  9391 0x7fc18d934a30 INFO       GST_ELEMENT_PADS gstpad.c:2139:gst_pad_unlink: unlinking audioconvert0:src(0x7fc17e023680) and pay_src_0:sink(0x7fc17e023b20)
0:01:35.791558000  9391 0x7fc18d942140 INFO          rtspthreadpool rtsp-thread-pool.c:331:do_loop: exit mainloop of thread 0x7fc18e012120
0:01:35.791561000  9391 0x7fc18d934a30 INFO       GST_ELEMENT_PADS gstpad.c:2193:gst_pad_unlink: unlinked audioconvert0:src and pay_src_0:sink
0:01:35.791597000  9391 0x7fc18d934a30 INFO          GST_PARENTAGE gstbin.c:1804:gst_bin_remove_func:<dynpay0> removed child "pay_src_0"
0:01:35.791614000  9391 0x7fc18d934a30 INFO        GST_REFCOUNTING gstelement.c:3382:gst_element_dispose:<pay_src_0> 0x7fc17e02a710 dispose
0:01:35.791623000  9391 0x7fc18d934a30 INFO       GST_ELEMENT_PADS gstelement.c:876:gst_element_remove_pad:<pay_src_0> removing pad 'src'
0:01:35.791635000  9391 0x7fc18d934a30 INFO       GST_ELEMENT_PADS gstelement.c:876:gst_element_remove_pad:<pay_src_0> removing pad 'sink'
0:01:35.791647000  9391 0x7fc18d934a30 INFO        GST_REFCOUNTING gstelement.c:3429:gst_element_dispose:<pay_src_0> 0x7fc17e02a710 parent class dispose
0:01:35.791664000  9391 0x7fc18d934a30 INFO        GST_REFCOUNTING gstelement.c:3460:gst_element_finalize:<pay_src_0> 0x7fc17e02a710 finalize
0:01:35.791673000  9391 0x7fc18d934a30 INFO        GST_REFCOUNTING gstelement.c:3466:gst_element_finalize:<pay_src_0> 0x7fc17e02a710 finalize parent
0:01:35.791685000  9391 0x7fc18d934a30 INFO          GST_PARENTAGE gstbin.c:1804:gst_bin_remove_func:<dynpay0> removed child "audioconvert0"
0:01:35.791703000  9391 0x7fc18d934a30 INFO        GST_REFCOUNTING gstelement.c:3382:gst_element_dispose:<audioconvert0> 0x7fc17e02a0d0 dispose
0:01:35.791711000  9391 0x7fc18d934a30 INFO       GST_ELEMENT_PADS gstelement.c:876:gst_element_remove_pad:<audioconvert0> removing pad 'sink'
0:01:35.791722000  9391 0x7fc18d934a30 INFO       GST_ELEMENT_PADS gstelement.c:876:gst_element_remove_pad:<audioconvert0> removing pad 'src'
0:01:35.791732000  9391 0x7fc18d934a30 INFO        GST_REFCOUNTING gstelement.c:3429:gst_element_dispose:<audioconvert0> 0x7fc17e02a0d0 parent class dispose
0:01:35.791741000  9391 0x7fc18d934a30 INFO        GST_REFCOUNTING gstelement.c:3460:gst_element_finalize:<audioconvert0> 0x7fc17e02a0d0 finalize
0:01:35.791748000  9391 0x7fc18d934a30 INFO        GST_REFCOUNTING gstelement.c:3466:gst_element_finalize:<audioconvert0> 0x7fc17e02a0d0 finalize parent
0:01:35.791761000  9391 0x7fc18d934a30 INFO          GST_PARENTAGE gstbin.c:1804:gst_bin_remove_func:<dynpay0> removed child "uribin"
0:01:35.791776000  9391 0x7fc18d934a30 INFO        GST_REFCOUNTING gstelement.c:3382:gst_element_dispose:<uribin> 0x7fc17e014090 dispose
0:01:35.791785000  9391 0x7fc18d934a30 INFO        GST_REFCOUNTING gstelement.c:3429:gst_element_dispose:<uribin> 0x7fc17e014090 parent class dispose
0:01:35.791865000  9391 0x7fc18d934a30 INFO        GST_REFCOUNTING gstelement.c:3460:gst_element_finalize:<uribin> 0x7fc17e014090 finalize
0:01:35.791874000  9391 0x7fc18d934a30 INFO        GST_REFCOUNTING gstelement.c:3466:gst_element_finalize:<uribin> 0x7fc17e014090 finalize parent
0:01:35.791882000  9391 0x7fc18d934a30 INFO        GST_REFCOUNTING gstelement.c:3382:gst_element_dispose:<dynpay0> 0x7fc18e014200 dispose
0:01:35.791890000  9391 0x7fc18d934a30 INFO       GST_ELEMENT_PADS gstelement.c:876:gst_element_remove_pad:<dynpay0> removing pad 'src_0'
0:01:35.791903000  9391 0x7fc18d934a30 INFO        GST_REFCOUNTING gstelement.c:3429:gst_element_dispose:<dynpay0> 0x7fc18e014200 parent class dispose
0:01:35.791911000  9391 0x7fc18d934a30 INFO        GST_REFCOUNTING gstelement.c:3460:gst_element_finalize:<dynpay0> 0x7fc18e014200 finalize
0:01:35.791919000  9391 0x7fc18d934a30 INFO        GST_REFCOUNTING gstelement.c:3466:gst_element_finalize:<dynpay0> 0x7fc18e014200 finalize parent
0:01:35.791928000  9391 0x7fc18d934a30 INFO        GST_REFCOUNTING gstelement.c:3382:gst_element_dispose:<GstRTSPMediaFactoryURI> 0x7fc18e014060 dispose
0:01:35.791936000  9391 0x7fc18d934a30 INFO       GST_ELEMENT_PADS gstelement.c:876:gst_element_remove_pad:<GstRTSPMediaFactoryURI> removing pad 'src_0'
0:01:35.791949000  9391 0x7fc18d934a30 INFO        GST_REFCOUNTING gstelement.c:3429:gst_element_dispose:<GstRTSPMediaFactoryURI> 0x7fc18e014060 parent class dispose
0:01:35.791957000  9391 0x7fc18d934a30 INFO        GST_REFCOUNTING gstelement.c:3460:gst_element_finalize:<GstRTSPMediaFactoryURI> 0x7fc18e014060 finalize
0:01:35.791965000  9391 0x7fc18d934a30 INFO        GST_REFCOUNTING gstelement.c:3466:gst_element_finalize:<GstRTSPMediaFactoryURI> 0x7fc18e014060 finalize parent
0:01:35.792085000  9391 0x7fc18d934a30 INFO          rtspthreadpool rtsp-thread-pool.c:331:do_loop: exit mainloop of thread 0x7fc17e011cb0
